// Jest Snapshot v1, https://goo.gl/fbAQLP

exports[`testing statefulness of CounterButton renders correctly 1`] = `
ShallowWrapper {
  Symbol(enzyme.__root__): [Circular],
  Symbol(enzyme.__unrendered__): <CounterButton />,
  Symbol(enzyme.__renderer__): Object {
    "batchedUpdates": [Function],
    "checkPropTypes": [Function],
    "getNode": [Function],
    "render": [Function],
    "simulateError": [Function],
    "simulateEvent": [Function],
    "unmount": [Function],
  },
  Symbol(enzyme.__node__): Object {
    "instance": null,
    "key": undefined,
    "nodeType": "host",
    "props": Object {
      "children": Array [
        "Robot-o-meter : ",
        0,
      ],
      "className": "ma3 pa2 f4 black bg-navy yellow grow shadow-5 dib br3",
      "color": undefined,
      "id": "counter",
      "onClick": [Function],
    },
    "ref": null,
    "rendered": Array [
      "Robot-o-meter : ",
      0,
    ],
    "type": "button",
  },
  Symbol(enzyme.__nodes__): Array [
    Object {
      "instance": null,
      "key": undefined,
      "nodeType": "host",
      "props": Object {
        "children": Array [
          "Robot-o-meter : ",
          0,
        ],
        "className": "ma3 pa2 f4 black bg-navy yellow grow shadow-5 dib br3",
        "color": undefined,
        "id": "counter",
        "onClick": [Function],
      },
      "ref": null,
      "rendered": Array [
        "Robot-o-meter : ",
        0,
      ],
      "type": "button",
    },
  ],
  Symbol(enzyme.__options__): Object {
    "adapter": ReactSixteenAdapter {
      "options": Object {
        "enableComponentDidUpdateOnSetState": true,
        "legacyContextMode": "parent",
        "lifecycles": Object {
          "componentDidUpdate": Object {
            "onSetState": true,
          },
          "getChildContext": Object {
            "calledByRenderer": false,
          },
          "getDerivedStateFromProps": true,
          "getSnapshotBeforeUpdate": true,
          "setState": Object {
            "skipsComponentDidUpdateOnNullish": true,
          },
        },
      },
    },
  },
  Symbol(enzyme.__childContext__): null,
}
`;
